// Jest Snapshot v1, https://goo.gl/fbAQLP

exports[`UserTable.vue Test UserTable 1`] = `
<div
  class="b-table"
>
  <!---->
   
  <!---->
   
  <!---->
  <!---->
  <!---->
  <div
    class="table-wrapper has-mobile-cards has-sticky-header"
  >
    <table
      class="table is-hoverable"
    >
      <thead>
        <tr>
          <!---->
          <!---->
          <th
            class=""
          >
            <div
              class="th-wrap is-numeric"
            >
              <span
                class="is-relative"
              >
                 ID 
                <span
                  class="icon sort-icon is-small is-invisible"
                >
                  <i
                    class="mdi mdi-arrow-up"
                  />
                </span>
              </span>
            </div>
          </th>
          <th
            class=""
          >
            <div
              class="th-wrap"
            >
              <span
                class="is-relative"
              >
                 email 
                <span
                  class="icon sort-icon is-small is-invisible"
                >
                  <i
                    class="mdi mdi-arrow-up"
                  />
                </span>
              </span>
            </div>
          </th>
          <th
            class=""
          >
            <div
              class="th-wrap"
            >
              <span
                class="is-relative"
              >
                 Manage 
                <span
                  class="icon sort-icon is-small is-invisible"
                >
                  <i
                    class="mdi mdi-arrow-up"
                  />
                </span>
              </span>
            </div>
          </th>
          <!---->
        </tr>
        <!---->
        <!---->
      </thead>
      <tbody>
        <tr
          class=""
          draggable="false"
        >
          <!---->
          <!---->
          <td
            class="has-text-right"
            data-label="ID"
          >
            <span>
              1
            </span>
          </td>
          <td
            class=""
            data-label="email"
          >
            <span>
              abc@gmail.com
            </span>
          </td>
          <td
            class=""
            data-label="Manage"
          >
            <span />
          </td>
          <!---->
        </tr>
        <!---->
        <!---->
        <tr
          class=""
          draggable="false"
        >
          <!---->
          <!---->
          <td
            class="has-text-right"
            data-label="ID"
          >
            <span>
              2
            </span>
          </td>
          <td
            class=""
            data-label="email"
          >
            <span>
              xyz@gmail.com
            </span>
          </td>
          <td
            class=""
            data-label="Manage"
          >
            <span />
          </td>
          <!---->
        </tr>
        <!---->
        <!---->
        <tr
          class=""
          draggable="false"
        >
          <!---->
          <!---->
          <td
            class="has-text-right"
            data-label="ID"
          >
            <span>
              3
            </span>
          </td>
          <td
            class=""
            data-label="email"
          >
            <span>
              pqr@yahoo.com
            </span>
          </td>
          <td
            class=""
            data-label="Manage"
          >
            <span />
          </td>
          <!---->
        </tr>
        <!---->
        <!---->
        <!---->
      </tbody>
      <!---->
    </table>
    <!---->
  </div>
  <!---->
</div>
`;
